Microsoft Windows [Version 10.0.26100.7462]
(c) Microsoft Corporation. All rights reserved.

C:\Users\shanthosh.s1\Angular\fifthproject>node -v
v24.3.0

C:\Users\shanthosh.s1\Angular\fifthproject>npm -v
11.4.2

C:\Users\shanthosh.s1\Angular\fifthproject>npm install -g @angular/cli

changed 309 packages in 60s

68 packages are looking for funding
  run `npm fund` for details

C:\Users\shanthosh.s1\Angular\fifthproject>ng version
'ng' is not recognized as an internal or external command,
operable program or batch file.

C:\Users\shanthosh.s1\Angular\fifthproject>npx ng version

     _                      _                 ____ _     ___
    / \   _ __   __ _ _   _| | __ _ _ __     / ___| |   |_ _|
   / △ \ | '_ \ / _` | | | | |/ _` | '__|   | |   | |    | |
  / ___ \| | | | (_| | |_| | | (_| | |      | |___| |___ | |
 /_/   \_\_| |_|\__, |\__,_|_|\__,_|_|       \____|_____|___|
                |___/


Angular CLI       : 21.0.4
Node.js           : 24.3.0
Package Manager   : npm 11.4.2
Operating System  : win32 x64



C:\Users\shanthosh.s1\Angular\fifthproject>ng new insurance-service
'ng' is not recognized as an internal or external command,
operable program or batch file.

C:\Users\shanthosh.s1\Angular\fifthproject>npx ng new insurance-service
✔ Which stylesheet system would you like to use? CSS             [ https://developer.mozilla.org/docs/Web/CSS                     ]
✔ Do you want to enable Server-Side Rendering (SSR) and Static Site Generation (SSG/Prerendering)? Yes
✔ Which AI tools do you want to configure with Angular best practices? https://angular.dev/ai/develop-with-ai None
CREATE insurance-service/angular.json (2169 bytes)
CREATE insurance-service/package.json (1211 bytes)
CREATE insurance-service/README.md (1528 bytes)
CREATE insurance-service/tsconfig.json (990 bytes)
CREATE insurance-service/.editorconfig (331 bytes)
CREATE insurance-service/.gitignore (647 bytes)
CREATE insurance-service/tsconfig.app.json (464 bytes)
CREATE insurance-service/tsconfig.spec.json (456 bytes)
CREATE insurance-service/.vscode/extensions.json (134 bytes)
CREATE insurance-service/.vscode/launch.json (490 bytes)
CREATE insurance-service/.vscode/tasks.json (1020 bytes)
CREATE insurance-service/src/main.ts (228 bytes)
CREATE insurance-service/src/index.html (315 bytes)
CREATE insurance-service/src/styles.css (81 bytes)
CREATE insurance-service/src/main.server.ts (300 bytes)
CREATE insurance-service/src/server.ts (1677 bytes)
CREATE insurance-service/src/app/app.spec.ts (707 bytes)
CREATE insurance-service/src/app/app.ts (311 bytes)
CREATE insurance-service/src/app/app.css (0 bytes)
CREATE insurance-service/src/app/app.html (20446 bytes)
CREATE insurance-service/src/app/app.config.ts (453 bytes)
CREATE insurance-service/src/app/app.routes.ts (80 bytes)
CREATE insurance-service/src/app/app.config.server.ts (438 bytes)
CREATE insurance-service/src/app/app.routes.server.ts (174 bytes)
CREATE insurance-service/public/favicon.ico (15086 bytes)
✔ Packages installed successfully.
warning: in the working copy of 'package-lock.json', LF will be replaced by CRLF the next time Git touches it
warning: in the working copy of 'package.json', LF will be replaced by CRLF the next time Git touches it
    Successfully initialized git.

C:\Users\shanthosh.s1\Angular\fifthproject>cd insurance-service code .
The system cannot find the path specified.

C:\Users\shanthosh.s1\Angular\fifthproject>cd insurance-service

C:\Users\shanthosh.s1\Angular\fifthproject\insurance-service>code.
'code.' is not recognized as an internal or external command,
operable program or batch file.

C:\Users\shanthosh.s1\Angular\fifthproject\insurance-service>npx ng serve

Would you like to share pseudonymous usage data about this project with the Angular Team
at Google under Google's Privacy Policy at https://policies.google.com/privacy. For more
details and how to change this setting, see https://angular.dev/cli/analytics.

   Yes

Thank you for sharing pseudonymous usage data. Should you change your mind, the following
command will disable this feature entirely:

    ng analytics disable

Global setting: enabled
Local setting: enabled
Effective status: enabled
Browser bundles     
Initial chunk files  | Names            |  Raw size
main.js              | main             |  48.48 kB | 
styles.css           | styles           |  95 bytes | 

                     | Initial total    |  48.57 kB


Server bundles
Initial chunk files  | Names            |  Raw size
main.server.mjs      | main.server      |  49.74 kB | 
server.mjs           | server           |   1.81 kB | 
polyfills.server.mjs | polyfills.server | 243 bytes | 

Application bundle generation complete. [3.832 seconds] - 2025-12-24T04:52:23.085Z

Watch mode enabled. Watching for file changes...
NOTE: Raw file sizes do not reflect development server per-request transformations.
  ➜  Local:   http://localhost:4200/
  ➜  press h + enter to show help
Terminate batch job (Y/N)? y

C:\Users\shanthosh.s1\Angular\fifthproject\insurance-service>ng add @angular/material
'ng' is not recognized as an internal or external command,
operable program or batch file.

C:\Users\shanthosh.s1\Angular\fifthproject\insurance-service>npx ng add @angular/material
✔ Determining Package Manager
  › Using package manager: npm
✔ Searching for compatible package version
  › Found compatible package version: 21.0.5.
✔ Loading package information from registry
✔ Confirming installation
✔ Installing package
✔ Select a pair of starter prebuilt color palettes for your Angular Material theme Rose/Red           [Preview: https://material.angular.dev?theme=rose-red]
UPDATE package.json (1278 bytes)
✔ Packages installed successfully.
CREATE src/material-theme.scss (1177 bytes)
UPDATE angular.json (2269 bytes)
UPDATE src/index.html (515 bytes)

C:\Users\shanthosh.s1\Angular\fifthproject\insurance-service>npx ng serve
Browser bundles     
Initial chunk files  | Names            |  Raw size
main.js              | main             |  48.48 kB | 
styles.css           | styles           |   8.81 kB | 

                     | Initial total    |  57.29 kB


Server bundles
Initial chunk files  | Names            |  Raw size
main.server.mjs      | main.server      |  49.74 kB | 
server.mjs           | server           |   1.81 kB | 
polyfills.server.mjs | polyfills.server | 243 bytes | 

Application bundle generation complete. [6.488 seconds] - 2025-12-24T04:57:21.677Z

Watch mode enabled. Watching for file changes...
NOTE: Raw file sizes do not reflect development server per-request transformations.
10:27:24 AM [vite] (client) Re-optimizing dependencies because lockfile has changed
10:27:24 AM [vite] (ssr) Re-optimizing dependencies because lockfile has changed (x2)
  ➜  Local:   http://localhost:4200/
  ➜  press h + enter to show help
Terminate batch job (Y/N)? y

C:\Users\shanthosh.s1\Angular\fifthproject\insurance-service>npx ng serve
Browser bundles
Initial chunk files  | Names            |  Raw size
styles.css           | styles           |   8.81 kB | 
main.js              | main             |   2.75 kB | 

                     | Initial total    |  11.56 kB


Server bundles
Initial chunk files  | Names            |  Raw size
main.server.mjs      | main.server      |   4.01 kB | 
server.mjs           | server           |   1.81 kB | 
polyfills.server.mjs | polyfills.server | 243 bytes | 

Application bundle generation complete. [2.104 seconds] - 2025-12-24T05:01:34.907Z

▲ [WARNING] NG8113: All imports are unused [plugin angular-compiler]

    src/app/app.ts:6:2:
      6 │   imports: [RouterOutlet],
        ╵   ~~~~~~~


Watch mode enabled. Watching for file changes...
NOTE: Raw file sizes do not reflect development server per-request transformations.
  ➜  Local:   http://localhost:4200/
  ➜  press h + enter to show help
Application bundle generation failed. [0.323 seconds] - 2025-12-24T05:09:49.071Z

X [ERROR] NG8001: 'mat-toolbar' is not a known element:
1. If 'mat-toolbar' is an Angular component, then verify that it is included in the '@Component.imports' of this component.
2. If 'mat-toolbar' is a Web Component then add 'CUSTOM_ELEMENTS_SCHEMA' to the '@Component.schemas' of this component to suppress this message. [plugin angular-compiler]

    src/app/app.html:0:0:
      0 │
        ╵ ^

  Error occurs in the template of component App.

    src/app/app.ts:7:15:
      7 │   templateUrl: './app.html',
        ╵                ~~~~~~~~~~~~


Application bundle generation failed. [0.184 seconds] - 2025-12-24T05:10:17.227Z

X [ERROR] TS2459: Module '"./app.routes"' declares 'routes' locally, but it is not exported. [plugin angular-compiler]

    src/app/app.config.ts:4:9:
      4 │ import { routes } from './app.routes';
        ╵          ~~~~~~

  'routes' is declared here.

    src/app/app.routes.ts:8:6:
      8 │ const routes: Routes = [
        ╵       ~~~~~~


X [ERROR] NG8001: 'mat-toolbar' is not a known element:
1. If 'mat-toolbar' is an Angular component, then verify that it is included in the '@Component.imports' of this component.
2. If 'mat-toolbar' is a Web Component then add 'CUSTOM_ELEMENTS_SCHEMA' to the '@Component.schemas' of this component to suppress this message. [plugin angular-compiler]

    src/app/app.html:0:0:
      0 │
        ╵ ^

  Error occurs in the template of component App.

    src/app/app.ts:7:15:
      7 │   templateUrl: './app.html',
        ╵                ~~~~~~~~~~~~


X [ERROR] TS2307: Cannot find module './components/about/about.component' or its corresponding type declarations. [plugin angular-compiler]

    src/app/app.routes.ts:3:31:
      3 │ import { AboutComponent } from './components/about/about.component';
        ╵                                ~~~~~~~~~~~~~~~~~~~~~~~~~~~~~~~~~~~~


X [ERROR] TS2307: Cannot find module './components/plans/plans.component' or its corresponding type declarations. [plugin angular-compiler]

    src/app/app.routes.ts:4:31:
      4 │ import { PlansComponent } from './components/plans/plans.component';
        ╵                                ~~~~~~~~~~~~~~~~~~~~~~~~~~~~~~~~~~~~


X [ERROR] TS2307: Cannot find module './components/plan-details/plan-details.component' or its corresponding type declarations. [plugin angular-compiler]

    src/app/app.routes.ts:5:37:
      5 │ ...omponent } from './components/plan-details/plan-details.component';
        ╵                    ~~~~~~~~~~~~~~~~~~~~~~~~~~~~~~~~~~~~~~~~~~~~~~~~~~


X [ERROR] TS2307: Cannot find module './components/payment/payment.component' or its corresponding type declarations. [plugin angular-compiler]

    src/app/app.routes.ts:6:33:
      6 │ ...{ PaymentComponent } from './components/payment/payment.component';
        ╵                              ~~~~~~~~~~~~~~~~~~~~~~~~~~~~~~~~~~~~~~~~


X [ERROR] Could not resolve "./components/about/about.component"

    src/app/app.routes.ts:3:31:
      3 │ import { AboutComponent } from './components/about/about.component';
        ╵                                ~~~~~~~~~~~~~~~~~~~~~~~~~~~~~~~~~~~~


X [ERROR] Could not resolve "./components/plans/plans.component"

    src/app/app.routes.ts:4:31:
      4 │ import { PlansComponent } from './components/plans/plans.component';
        ╵                                ~~~~~~~~~~~~~~~~~~~~~~~~~~~~~~~~~~~~


X [ERROR] Could not resolve "./components/plan-details/plan-details.component"

    src/app/app.routes.ts:5:37:
      5 │ ...omponent } from './components/plan-details/plan-details.component';
        ╵                    ~~~~~~~~~~~~~~~~~~~~~~~~~~~~~~~~~~~~~~~~~~~~~~~~~~


X [ERROR] Could not resolve "./components/payment/payment.component"

    src/app/app.routes.ts:6:33:
      6 │ ...{ PaymentComponent } from './components/payment/payment.component';
        ╵                              ~~~~~~~~~~~~~~~~~~~~~~~~~~~~~~~~~~~~~~~~


X [ERROR] Could not resolve "./components/about/about.component"

    src/app/app.routes.ts:3:31:
      3 │ import { AboutComponent } from './components/about/about.component';
        ╵                                ~~~~~~~~~~~~~~~~~~~~~~~~~~~~~~~~~~~~


X [ERROR] Could not resolve "./components/plans/plans.component"

    src/app/app.routes.ts:4:31:
      4 │ import { PlansComponent } from './components/plans/plans.component';
        ╵                                ~~~~~~~~~~~~~~~~~~~~~~~~~~~~~~~~~~~~


X [ERROR] Could not resolve "./components/plan-details/plan-details.component"

    src/app/app.routes.ts:5:37:
      5 │ ...omponent } from './components/plan-details/plan-details.component';
        ╵                    ~~~~~~~~~~~~~~~~~~~~~~~~~~~~~~~~~~~~~~~~~~~~~~~~~~


X [ERROR] Could not resolve "./components/payment/payment.component"

    src/app/app.routes.ts:6:33:
      6 │ ...{ PaymentComponent } from './components/payment/payment.component';
        ╵                              ~~~~~~~~~~~~~~~~~~~~~~~~~~~~~~~~~~~~~~~~


Application bundle generation failed. [0.150 seconds] - 2025-12-24T05:12:16.777Z

X [ERROR] TS2459: Module '"./app.routes"' declares 'routes' locally, but it is not exported. [plugin angular-compiler]

    src/app/app.config.ts:4:9:
      4 │ import { routes } from './app.routes';
        ╵          ~~~~~~

  'routes' is declared here.

    src/app/app.routes.ts:8:6:
      8 │ const routes: Routes = [
        ╵       ~~~~~~


X [ERROR] NG8001: 'mat-toolbar' is not a known element:
1. If 'mat-toolbar' is an Angular component, then verify that it is included in the '@Component.imports' of this component.
2. If 'mat-toolbar' is a Web Component then add 'CUSTOM_ELEMENTS_SCHEMA' to the '@Component.schemas' of this component to suppress this message. [plugin angular-compiler]

    src/app/app.html:0:0:
      0 │
        ╵ ^

  Error occurs in the template of component App.

    src/app/app.ts:7:15:
      7 │   templateUrl: './app.html',
        ╵                ~~~~~~~~~~~~


X [ERROR] No matching export in "src/app/app.routes.ts" for import "routes"

    src/app/app.config.ts:3:9:
      3 │ import { routes } from './app.routes';
        ╵          ~~~~~~


Terminate batch job (Y/N)? y

C:\Users\shanthosh.s1\Angular\fifthproject\insurance-service>npx ng serve
Application bundle generation failed. [2.313 seconds] - 2025-12-24T05:13:08.506Z

X [ERROR] TS2459: Module '"./app.routes"' declares 'routes' locally, but it is not exported. [plugin angular-compiler]

    src/app/app.config.ts:4:9:
      4 │ import { routes } from './app.routes';
        ╵          ~~~~~~

  'routes' is declared here.

    src/app/app.routes.ts:8:6:
      8 │ const routes: Routes = [
        ╵       ~~~~~~


X [ERROR] NG8001: 'mat-toolbar' is not a known element:
1. If 'mat-toolbar' is an Angular component, then verify that it is included in the '@Component.imports' of this component.
2. If 'mat-toolbar' is a Web Component then add 'CUSTOM_ELEMENTS_SCHEMA' to the '@Component.schemas' of this component to suppress this message. [plugin angular-compiler]

    src/app/app.html:0:0:
      0 │
        ╵ ^

  Error occurs in the template of component App.

    src/app/app.ts:7:15:
      7 │   templateUrl: './app.html',
        ╵                ~~~~~~~~~~~~


X [ERROR] No matching export in "src/app/app.routes.ts" for import "routes"

    src/app/app.config.ts:3:9:
      3 │ import { routes } from './app.routes';
        ╵          ~~~~~~


Watch mode enabled. Watching for file changes...
Application bundle generation failed. [0.182 seconds] - 2025-12-24T05:14:17.333Z

▲ [WARNING] Import "routes" will always be undefined because the file "src/app/app.routes.ts" has no exports [import-is-undefined]

    src/app/app.config.ts:3:9:
      3 │ import { routes } from './app.routes';
        ╵          ~~~~~~


X [ERROR] TS2459: Module '"./app.routes"' declares 'routes' locally, but it is not exported. [plugin angular-compiler]

    src/app/app.config.ts:4:9:
      4 │ import { routes } from './app.routes';
        ╵          ~~~~~~

  'routes' is declared here.

    src/app/app.routes.ts:8:6:
      8 │ const routes: Routes = [
        ╵       ~~~~~~


X [ERROR] NG8001: 'mat-toolbar' is not a known element:
1. If 'mat-toolbar' is an Angular component, then verify that it is included in the '@Component.imports' of this component.
2. If 'mat-toolbar' is a Web Component then add 'CUSTOM_ELEMENTS_SCHEMA' to the '@Component.schemas' of this component to suppress this message. [plugin angular-compiler]

    src/app/app.html:0:0:
      0 │
        ╵ ^

  Error occurs in the template of component App.

    src/app/app.ts:7:15:
      7 │   templateUrl: './app.html',
        ╵                ~~~~~~~~~~~~


Application bundle generation failed. [0.095 seconds] - 2025-12-24T05:14:53.231Z

▲ [WARNING] Import "routes" will always be undefined because the file "src/app/app.routes.ts" has no exports [import-is-undefined]

    src/app/app.config.ts:3:9:
      3 │ import { routes } from './app.routes';
        ╵          ~~~~~~


X [ERROR] TS2459: Module '"./app.routes"' declares 'routes' locally, but it is not exported. [plugin angular-compiler]

    src/app/app.config.ts:4:9:
      4 │ import { routes } from './app.routes';
        ╵          ~~~~~~

  'routes' is declared here.

    src/app/app.routes.ts:8:6:
      8 │ const routes: Routes = [
        ╵       ~~~~~~


X [ERROR] NG8001: 'mat-toolbar' is not a known element:
1. If 'mat-toolbar' is an Angular component, then verify that it is included in the '@Component.imports' of this component.
2. If 'mat-toolbar' is a Web Component then add 'CUSTOM_ELEMENTS_SCHEMA' to the '@Component.schemas' of this component to suppress this message. [plugin angular-compiler]

    src/app/app.html:0:0:
      0 │
        ╵ ^

  Error occurs in the template of component App.

    src/app/app.ts:7:15:
      7 │   templateUrl: './app.html',
        ╵                ~~~~~~~~~~~~


